******************************************************************************
             TMS320C2000 Linker PC v18.12.2                    
******************************************************************************
>> Linked Tue Apr 14 12:17:36 2020

OUTPUT FILE NAME:   <../PV_MPPT_C2000_Algorithm_try.out>
ENTRY POINT SYMBOL: "_c_int00"  address: 000094be


MEMORY CONFIGURATION

         name            origin    length      used     unused   attr    fill
----------------------  --------  ---------  --------  --------  ----  --------
PAGE 0:
  BEGINRAM              00000000   00000002  00000002  00000000  RWIX
  RAMM0                 00000002   000003fe  00000000  000003fe  RWIX
  RAML0L3               00008000   00004000  00001b02  000024fe  RWIX
  ZONE7P                00200000   00010000  00000000  00010000  RWIX
  FLASH                 00300000   0003fff6  00000000  0003fff6  RWIX
  BEGINFLASH            0033fff6   00000002  00000000  00000002  RWIX
  ADC_CAL               00380080   00000009  00000007  00000002  RWIX
  OTP                   00380400   00000400  00000000  00000400  RWIX
  CSM_PWL               003f7ff8   00000008  00000000  00000008  RWIX
  IQTABLES              003fe000   00000b50  00000000  00000b50  RWIX
  IQTABLES2             003feb50   0000008c  00000000  0000008c  RWIX
  FPUTABLES             003febdc   000006a0  000006a0  00000000  RWIX
  ROM                   003ff27c   00000d44  00000000  00000d44  RWIX
  RESET                 003fffc0   00000002  00000000  00000002  RWIX
  VECTORS               003fffc2   0000003e  00000000  0000003e  RWIX

PAGE 1:
  RAMM1                 00000400   00000400  00000200  00000200  RWIX
  DEV_EMU               00000880   00000180  000000d0  000000b0  RWIX
  FLASH_REGS            00000a80   00000060  00000008  00000058  RWIX
  CSM                   00000ae0   00000010  00000010  00000000  RWIX
  ADC_MIRROR            00000b00   00000010  00000010  00000000  RWIX
  XINTF                 00000b20   00000020  0000001e  00000002  RWIX
  CPU_TIMER0            00000c00   00000008  00000008  00000000  RWIX
  CPU_TIMER1            00000c08   00000008  00000008  00000000  RWIX
  CPU_TIMER2            00000c10   00000008  00000008  00000000  RWIX
  PIE_CTRL              00000ce0   00000020  0000001a  00000006  RWIX
  PIE_VECT              00000d00   00000100  00000100  00000000  RWIX
  DMA                   00001000   00000200  000000e0  00000120  RWIX
  MCBSPA                00005000   00000040  00000025  0000001b  RWIX
  MCBSPB                00005040   00000040  00000025  0000001b  RWIX
  ECANA                 00006000   00000040  00000034  0000000c  RWIX
  ECANA_LAM             00006040   00000040  00000040  00000000  RWIX
  ECANA_MOTS            00006080   00000040  00000040  00000000  RWIX
  ECANA_MOTO            000060c0   00000040  00000040  00000000  RWIX
  ECANA_MBOX            00006100   00000100  00000100  00000000  RWIX
  ECANB                 00006200   00000040  00000034  0000000c  RWIX
  ECANB_LAM             00006240   00000040  00000040  00000000  RWIX
  ECANB_MOTS            00006280   00000040  00000040  00000000  RWIX
  ECANB_MOTO            000062c0   00000040  00000040  00000000  RWIX
  ECANB_MBOX            00006300   00000100  00000100  00000000  RWIX
  EPWM1                 00006800   00000022  00000022  00000000  RWIX
  EPWM2                 00006840   00000022  00000022  00000000  RWIX
  EPWM3                 00006880   00000022  00000022  00000000  RWIX
  EPWM4                 000068c0   00000022  00000022  00000000  RWIX
  EPWM5                 00006900   00000022  00000022  00000000  RWIX
  EPWM6                 00006940   00000022  00000022  00000000  RWIX
  ECAP1                 00006a00   00000020  00000020  00000000  RWIX
  ECAP2                 00006a20   00000020  00000020  00000000  RWIX
  ECAP3                 00006a40   00000020  00000020  00000000  RWIX
  ECAP4                 00006a60   00000020  00000020  00000000  RWIX
  ECAP5                 00006a80   00000020  00000020  00000000  RWIX
  ECAP6                 00006aa0   00000020  00000020  00000000  RWIX
  EQEP1                 00006b00   00000040  00000040  00000000  RWIX
  EQEP2                 00006b40   00000040  00000040  00000000  RWIX
  GPIOCTRL              00006f80   00000040  0000002e  00000012  RWIX
  GPIODAT               00006fc0   00000020  00000020  00000000  RWIX
  GPIOINT               00006fe0   00000020  0000000a  00000016  RWIX
  SYSTEM                00007010   00000020  00000020  00000000  RWIX
  SPIA                  00007040   00000010  00000010  00000000  RWIX
  SCIA                  00007050   00000010  00000010  00000000  RWIX
  XINTRUPT              00007070   00000010  00000010  00000000  RWIX
  ADC                   00007100   00000020  0000001e  00000002  RWIX
  SCIB                  00007750   00000010  00000010  00000000  RWIX
  SCIC                  00007770   00000010  00000010  00000000  RWIX
  I2CA                  00007900   00000040  00000022  0000001e  RWIX
  RAML4L7               0000c000   00004000  000003ec  00003c14  RWIX
  ZONE7D                00210000   00010000  00000000  00010000  RWIX
  CSM_PWL               0033fff8   00000008  00000008  00000000  RWIX


SECTION ALLOCATION MAP

 output                                  attributes/
section   page    origin      length       input sections
--------  ----  ----------  ----------   ----------------
DevEmuRegsFile 
*          1    00000880    000000d0     UNINITIALIZED
                  00000880    000000d0     DSP2833x_GlobalVariableDefs.obj (DevEmuRegsFile)

FlashRegsFile 
*          1    00000a80    00000008     UNINITIALIZED
                  00000a80    00000008     DSP2833x_GlobalVariableDefs.obj (FlashRegsFile)

CsmRegsFile 
*          1    00000ae0    00000010     UNINITIALIZED
                  00000ae0    00000010     DSP2833x_GlobalVariableDefs.obj (CsmRegsFile)

AdcMirrorFile 
*          1    00000b00    00000010     UNINITIALIZED
                  00000b00    00000010     DSP2833x_GlobalVariableDefs.obj (AdcMirrorFile)

XintfRegsFile 
*          1    00000b20    0000001e     UNINITIALIZED
                  00000b20    0000001e     DSP2833x_GlobalVariableDefs.obj (XintfRegsFile)

CpuTimer0RegsFile 
*          1    00000c00    00000008     UNINITIALIZED
                  00000c00    00000008     DSP2833x_GlobalVariableDefs.obj (CpuTimer0RegsFile)

CpuTimer1RegsFile 
*          1    00000c08    00000008     UNINITIALIZED
                  00000c08    00000008     DSP2833x_GlobalVariableDefs.obj (CpuTimer1RegsFile)

CpuTimer2RegsFile 
*          1    00000c10    00000008     UNINITIALIZED
                  00000c10    00000008     DSP2833x_GlobalVariableDefs.obj (CpuTimer2RegsFile)

PieCtrlRegsFile 
*          1    00000ce0    0000001a     UNINITIALIZED
                  00000ce0    0000001a     DSP2833x_GlobalVariableDefs.obj (PieCtrlRegsFile)

PieVectTableFile 
*          1    00000d00    00000100     UNINITIALIZED
                  00000d00    00000100     DSP2833x_GlobalVariableDefs.obj (PieVectTableFile)

DmaRegsFile 
*          1    00001000    000000e0     UNINITIALIZED
                  00001000    000000e0     DSP2833x_GlobalVariableDefs.obj (DmaRegsFile)

McbspaRegsFile 
*          1    00005000    00000025     UNINITIALIZED
                  00005000    00000025     DSP2833x_GlobalVariableDefs.obj (McbspaRegsFile)

McbspbRegsFile 
*          1    00005040    00000025     UNINITIALIZED
                  00005040    00000025     DSP2833x_GlobalVariableDefs.obj (McbspbRegsFile)

ECanaRegsFile 
*          1    00006000    00000034     UNINITIALIZED
                  00006000    00000034     DSP2833x_GlobalVariableDefs.obj (ECanaRegsFile)

ECanaLAMRegsFile 
*          1    00006040    00000040     UNINITIALIZED
                  00006040    00000040     DSP2833x_GlobalVariableDefs.obj (ECanaLAMRegsFile)

ECanaMOTSRegsFile 
*          1    00006080    00000040     UNINITIALIZED
                  00006080    00000040     DSP2833x_GlobalVariableDefs.obj (ECanaMOTSRegsFile)

ECanaMOTORegsFile 
*          1    000060c0    00000040     UNINITIALIZED
                  000060c0    00000040     DSP2833x_GlobalVariableDefs.obj (ECanaMOTORegsFile)

ECanaMboxesFile 
*          1    00006100    00000100     UNINITIALIZED
                  00006100    00000100     DSP2833x_GlobalVariableDefs.obj (ECanaMboxesFile)

ECanbRegsFile 
*          1    00006200    00000034     UNINITIALIZED
                  00006200    00000034     DSP2833x_GlobalVariableDefs.obj (ECanbRegsFile)

ECanbLAMRegsFile 
*          1    00006240    00000040     UNINITIALIZED
                  00006240    00000040     DSP2833x_GlobalVariableDefs.obj (ECanbLAMRegsFile)

ECanbMOTSRegsFile 
*          1    00006280    00000040     UNINITIALIZED
                  00006280    00000040     DSP2833x_GlobalVariableDefs.obj (ECanbMOTSRegsFile)

ECanbMOTORegsFile 
*          1    000062c0    00000040     UNINITIALIZED
                  000062c0    00000040     DSP2833x_GlobalVariableDefs.obj (ECanbMOTORegsFile)

ECanbMboxesFile 
*          1    00006300    00000100     UNINITIALIZED
                  00006300    00000100     DSP2833x_GlobalVariableDefs.obj (ECanbMboxesFile)

EPwm1RegsFile 
*          1    00006800    00000022     UNINITIALIZED
                  00006800    00000022     DSP2833x_GlobalVariableDefs.obj (EPwm1RegsFile)

EPwm2RegsFile 
*          1    00006840    00000022     UNINITIALIZED
                  00006840    00000022     DSP2833x_GlobalVariableDefs.obj (EPwm2RegsFile)

EPwm3RegsFile 
*          1    00006880    00000022     UNINITIALIZED
                  00006880    00000022     DSP2833x_GlobalVariableDefs.obj (EPwm3RegsFile)

EPwm4RegsFile 
*          1    000068c0    00000022     UNINITIALIZED
                  000068c0    00000022     DSP2833x_GlobalVariableDefs.obj (EPwm4RegsFile)

EPwm5RegsFile 
*          1    00006900    00000022     UNINITIALIZED
                  00006900    00000022     DSP2833x_GlobalVariableDefs.obj (EPwm5RegsFile)

EPwm6RegsFile 
*          1    00006940    00000022     UNINITIALIZED
                  00006940    00000022     DSP2833x_GlobalVariableDefs.obj (EPwm6RegsFile)

ECap1RegsFile 
*          1    00006a00    00000020     UNINITIALIZED
                  00006a00    00000020     DSP2833x_GlobalVariableDefs.obj (ECap1RegsFile)

ECap2RegsFile 
*          1    00006a20    00000020     UNINITIALIZED
                  00006a20    00000020     DSP2833x_GlobalVariableDefs.obj (ECap2RegsFile)

ECap3RegsFile 
*          1    00006a40    00000020     UNINITIALIZED
                  00006a40    00000020     DSP2833x_GlobalVariableDefs.obj (ECap3RegsFile)

ECap4RegsFile 
*          1    00006a60    00000020     UNINITIALIZED
                  00006a60    00000020     DSP2833x_GlobalVariableDefs.obj (ECap4RegsFile)

ECap5RegsFile 
*          1    00006a80    00000020     UNINITIALIZED
                  00006a80    00000020     DSP2833x_GlobalVariableDefs.obj (ECap5RegsFile)

ECap6RegsFile 
*          1    00006aa0    00000020     UNINITIALIZED
                  00006aa0    00000020     DSP2833x_GlobalVariableDefs.obj (ECap6RegsFile)

EQep1RegsFile 
*          1    00006b00    00000040     UNINITIALIZED
                  00006b00    00000040     DSP2833x_GlobalVariableDefs.obj (EQep1RegsFile)

EQep2RegsFile 
*          1    00006b40    00000040     UNINITIALIZED
                  00006b40    00000040     DSP2833x_GlobalVariableDefs.obj (EQep2RegsFile)

GpioCtrlRegsFile 
*          1    00006f80    0000002e     UNINITIALIZED
                  00006f80    0000002e     DSP2833x_GlobalVariableDefs.obj (GpioCtrlRegsFile)

GpioDataRegsFile 
*          1    00006fc0    00000020     UNINITIALIZED
                  00006fc0    00000020     DSP2833x_GlobalVariableDefs.obj (GpioDataRegsFile)

GpioIntRegsFile 
*          1    00006fe0    0000000a     UNINITIALIZED
                  00006fe0    0000000a     DSP2833x_GlobalVariableDefs.obj (GpioIntRegsFile)

SysCtrlRegsFile 
*          1    00007010    00000020     UNINITIALIZED
                  00007010    00000020     DSP2833x_GlobalVariableDefs.obj (SysCtrlRegsFile)

SpiaRegsFile 
*          1    00007040    00000010     UNINITIALIZED
                  00007040    00000010     DSP2833x_GlobalVariableDefs.obj (SpiaRegsFile)

SciaRegsFile 
*          1    00007050    00000010     UNINITIALIZED
                  00007050    00000010     DSP2833x_GlobalVariableDefs.obj (SciaRegsFile)

XIntruptRegsFile 
*          1    00007070    00000010     UNINITIALIZED
                  00007070    00000010     DSP2833x_GlobalVariableDefs.obj (XIntruptRegsFile)

AdcRegsFile 
*          1    00007100    0000001e     UNINITIALIZED
                  00007100    0000001e     DSP2833x_GlobalVariableDefs.obj (AdcRegsFile)

ScibRegsFile 
*          1    00007750    00000010     UNINITIALIZED
                  00007750    00000010     DSP2833x_GlobalVariableDefs.obj (ScibRegsFile)

ScicRegsFile 
*          1    00007770    00000010     UNINITIALIZED
                  00007770    00000010     DSP2833x_GlobalVariableDefs.obj (ScicRegsFile)

I2caRegsFile 
*          1    00007900    00000022     UNINITIALIZED
                  00007900    00000022     DSP2833x_GlobalVariableDefs.obj (I2caRegsFile)

CsmPwlFile 
*          1    0033fff8    00000008     UNINITIALIZED
                  0033fff8    00000008     DSP2833x_GlobalVariableDefs.obj (CsmPwlFile)

.text      0    00008000    000018a6     
                  00008000    0000099e     PV_MPPT_C2000_Algorithm_try.obj (.text)
                  0000899e    00000316     DSP2833x_DefaultIsr.obj (.text:retain)
                  00008cb4    0000012a     MW_c28xGPIO.obj (.text)
                  00008dde    00000120     MW_c28xSPI.obj (.text)
                  00008efe    000000f8     DSP2833x_SysCtrl.obj (.text)
                  00008ff6    000000f5     DSP28xx_SciUtil.obj (.text)
                  000090eb    000000cf     rts2800_fpu32.lib : e_fmodf.c.obj (.text)
                  000091ba    000000cc     MW_SPI.obj (.text)
                  00009286    0000008c     ert_main.obj (.text)
                  00009312    00000080     MW_c28xx_board.obj (.text)
                  00009392    0000007b     DSP2833x_CpuTimers.obj (.text)
                  0000940d    00000059     rts2800_fpu32.lib : s_floorf.c.obj (.text)
                  00009466    00000058                       : s_ceilf.c.obj (.text)
                  000094be    00000056                       : boot28.asm.obj (.text)
                  00009514    00000050     c2833xSchedulerTimer0.obj (.text)
                  00009564    0000004f     rts2800_fpu32_fast_supplement.lib : atan2_f32.obj (.text)
                  000095b3    0000004e     MW_c28xx_csl.obj (.text)
                  00009601    0000004a     rts2800_fpu32_fast_supplement.lib : atan_f32.obj (.text)
                  0000964b    00000044     c2833xSchedulerTimer0.obj (.text:retain)
                  0000968f    00000035     MW_c28xx_adc.obj (.text)
                  000096c4    00000034     rts2800_fpu32_fast_supplement.lib : cos_f32.obj (.text)
                  000096f8    00000034                                       : sin_f32.obj (.text)
                  0000972c    0000002d     c2833xBoard_Realtime_Support.obj (.text)
                  00009759    00000029     rts2800_fpu32.lib : exit.c.obj (.text)
                  00009782    00000028     DSP2833x_PieCtrl.obj (.text)
                  000097aa    00000024     rts2800_fpu32.lib : cpy_tbl.c.obj (.text)
                  000097ce    00000021     rts2800_fpu32_fast_supplement.lib : sqrt_f32.obj (.text)
                  000097ef    00000020     DSP2833x_PieVect.obj (.text)
                  0000980f    00000020     MW_c28xx_pwm.obj (.text)
                  0000982f    0000001d     rts2800_fpu32.lib : memcpy.c.obj (.text)
                  0000984c    00000019                       : args_main.c.obj (.text)
                  00009865    00000019     rts2800_fpu32_fast_supplement.lib : div_f32.obj (.text)
                  0000987e    00000014     DSP2833x_Adc.obj (.text)
                  00009892    00000009     rts2800_fpu32.lib : _lock.c.obj (.text)
                  0000989b    00000008     DSP2833x_CodeStartBranch.obj (.text)
                  000098a3    00000002     rts2800_fpu32.lib : pre_init.c.obj (.text)
                  000098a5    00000001                       : startup.c.obj (.text)

.bss       1    0000c000    00000000     UNINITIALIZED

.ebss      1    0000c000    000002d8     UNINITIALIZED
                  0000c000    00000216     PV_MPPT_C2000_Algorithm_try_data.obj (.ebss)
                  0000c216    00000018     DSP2833x_CpuTimers.obj (.ebss)
                  0000c22e    00000006     rts2800_fpu32.lib : exit.c.obj (.ebss)
                  0000c234    00000004     MW_c28xSPI.obj (.ebss:_SPI_oneTimeInit)
                  0000c238    00000003     ert_main.obj (.ebss)
                  0000c23b    00000001     MW_c28xGPIO.obj (.ebss)
                  0000c23c    00000002     rts2800_fpu32.lib : _lock.c.obj (.ebss:__lock)
                  0000c23e    00000002                       : _lock.c.obj (.ebss:__unlock)
                  0000c240    00000078     PV_MPPT_C2000_Algorithm_try.obj (.ebss)
                  0000c2b8    00000002     ert_main.obj (.ebss:_isRateRunning)
                  0000c2ba    00000002     ert_main.obj (.ebss:_need2runFlags)
                  0000c2bc    00000004     --HOLE--
                  0000c2c0    00000018     MW_c28xSPI.obj (.ebss:_mySpi)

.cinit     0    000098a6    00000258     
                  000098a6    00000219     PV_MPPT_C2000_Algorithm_try_data.obj (.cinit)
                  00009abf    0000000e     rts2800_fpu32.lib : exit.c.obj (.cinit)
                  00009acd    0000000c     ert_main.obj (.cinit)
                  00009ad9    00000007     MW_c28xSPI.obj (.cinit:_SPI_oneTimeInit)
                  00009ae0    00000005     rts2800_fpu32.lib : _lock.c.obj (.cinit:__lock)
                  00009ae5    00000005                       : _lock.c.obj (.cinit:__unlock)
                  00009aea    00000005     ert_main.obj (.cinit:_isRateRunning)
                  00009aef    00000005     ert_main.obj (.cinit:_need2runFlags)
                  00009af4    00000004     MW_c28xGPIO.obj (.cinit)
                  00009af8    00000004     PV_MPPT_C2000_Algorithm_try.obj (.cinit)
                  00009afc    00000002     --HOLE-- [fill = 0]

.pinit     0    00008000    00000000     UNINITIALIZED

.econst    1    0000c2d8    00000114     
                  0000c2d8    00000100     DSP2833x_PieVect.obj (.econst:_PieVectTableInit)
                  0000c3d8    00000008     PV_MPPT_C2000_Algorithm_try.obj (.econst:.string)
                  0000c3e0    00000004     rts2800_fpu32.lib : e_fmodf.c.obj (.econst:_Zero)
                  0000c3e4    00000002     PV_MPPT_C2000_Algorithm_try.obj (.econst)
                  0000c3e6    00000002     rts2800_fpu32.lib : e_fmodf.c.obj (.econst)
                  0000c3e8    00000002                       : s_ceilf.c.obj (.econst)
                  0000c3ea    00000002                       : s_floorf.c.obj (.econst)

.reset     0    003fffc0    00000002     DSECT
                  003fffc0    00000002     rts2800_fpu32.lib : boot28.asm.obj (.reset)

.data      1    0000c000    00000000     UNINITIALIZED

.stack     1    00000400    00000200     UNINITIALIZED
                  00000400    00000200     --HOLE--

codestart 
*          0    00000000    00000002     
                  00000000    00000002     DSP2833x_CodeStartBranch.obj (codestart)

ramfuncs   0    00009afe    00000004     
                  00009afe    00000004     DSP2833x_usDelay.obj (ramfuncs)

.adc_cal   0    00380080    00000007     NOLOAD SECTION
                  00380080    00000007     DSP2833x_ADC_cal.obj (.adc_cal)

FPUmathTables 
*          0    003febdc    000006a0     NOLOAD SECTION
                  003febdc    000006a0     rts2800_fpu32_fast_supplement.lib : FPUmathTables.obj (FPUmathTables)

MODULE SUMMARY

       Module                                 code   initialized data   uninitialized data
       ------                                 ----   ----------------   ------------------
    <current directory>
       DSP2833x_GlobalVariableDefs.obj        0      0                  2678              
       PV_MPPT_C2000_Algorithm_try.obj        2462   14                 120               
       PV_MPPT_C2000_Algorithm_try_data.obj   0      537                534               
       DSP2833x_DefaultIsr.obj                790    0                  0                 
       MW_c28xSPI.obj                         288    7                  28                
       MW_c28xGPIO.obj                        298    4                  1                 
       DSP2833x_PieVect.obj                   32     256                0                 
       DSP2833x_SysCtrl.obj                   248    0                  0                 
       DSP28xx_SciUtil.obj                    245    0                  0                 
       MW_SPI.obj                             204    0                  0                 
       ert_main.obj                           140    22                 7                 
       c2833xSchedulerTimer0.obj              148    0                  0                 
       DSP2833x_CpuTimers.obj                 123    0                  24                
       MW_c28xx_board.obj                     128    0                  0                 
       MW_c28xx_csl.obj                       78     0                  0                 
       MW_c28xx_adc.obj                       53     0                  0                 
       c2833xBoard_Realtime_Support.obj       45     0                  0                 
       DSP2833x_PieCtrl.obj                   40     0                  0                 
       MW_c28xx_pwm.obj                       32     0                  0                 
       DSP2833x_Adc.obj                       20     0                  0                 
       DSP2833x_CodeStartBranch.obj           10     0                  0                 
       DSP2833x_ADC_cal.obj                   7      0                  0                 
       DSP2833x_usDelay.obj                   4      0                  0                 
    +--+--------------------------------------+------+------------------+--------------------+
       Total:                                 5395   840                3392              
                                                                                          
    C:/ProgramData/MATLAB/SupportPackages/R2019b/3P.instrset/tic2000codegentools.instrset/ti-cgt-c2000_18.12.2.LTS/lib/rts2800_fpu32.lib
       e_fmodf.c.obj                          207    6                  0                 
       s_floorf.c.obj                         89     2                  0                 
       s_ceilf.c.obj                          88     2                  0                 
       boot28.asm.obj                         86     0                  0                 
       exit.c.obj                             41     14                 6                 
       cpy_tbl.c.obj                          36     0                  0                 
       memcpy.c.obj                           29     0                  0                 
       args_main.c.obj                        25     0                  0                 
       _lock.c.obj                            9      10                 4                 
       pre_init.c.obj                         2      0                  0                 
       startup.c.obj                          1      0                  0                 
    +--+--------------------------------------+------+------------------+--------------------+
       Total:                                 613    34                 10                
                                                                                          
    D:/controlSUITE/libs/math/FPUfastRTS/V100/lib/rts2800_fpu32_fast_supplement.lib
       FPUmathTables.obj                      0      1696               0                 
       atan2_f32.obj                          79     0                  0                 
       atan_f32.obj                           74     0                  0                 
       cos_f32.obj                            52     0                  0                 
       sin_f32.obj                            52     0                  0                 
       sqrt_f32.obj                           33     0                  0                 
       div_f32.obj                            25     0                  0                 
    +--+--------------------------------------+------+------------------+--------------------+
       Total:                                 315    1696               0                 
                                                                                          
       Stack:                                 0      0                  512               
    +--+--------------------------------------+------+------------------+--------------------+
       Grand Total:                           6323   2570               3914              


GLOBAL DATA SYMBOLS: SORTED BY DATA PAGE

address     data page           name
--------    ----------------    ----
00000400      10 (00000400)     __stack

00000880      22 (00000880)     _DevEmuRegs

00000a80      2a (00000a80)     _FlashRegs

00000ae0      2b (00000ac0)     _CsmRegs

00000b00      2c (00000b00)     _AdcMirror
00000b20      2c (00000b00)     _XintfRegs

00000c00      30 (00000c00)     _CpuTimer0Regs
00000c08      30 (00000c00)     _CpuTimer1Regs
00000c10      30 (00000c00)     _CpuTimer2Regs

00000ce0      33 (00000cc0)     _PieCtrlRegs

00000d00      34 (00000d00)     _PieVectTable

00001000      40 (00001000)     _DmaRegs

00005000     140 (00005000)     _McbspaRegs

00005040     141 (00005040)     _McbspbRegs

00006000     180 (00006000)     _ECanaRegs

00006040     181 (00006040)     _ECanaLAMRegs

00006080     182 (00006080)     _ECanaMOTSRegs

000060c0     183 (000060c0)     _ECanaMOTORegs

00006100     184 (00006100)     _ECanaMboxes

00006200     188 (00006200)     _ECanbRegs

00006240     189 (00006240)     _ECanbLAMRegs

00006280     18a (00006280)     _ECanbMOTSRegs

000062c0     18b (000062c0)     _ECanbMOTORegs

00006300     18c (00006300)     _ECanbMboxes

00006800     1a0 (00006800)     _EPwm1Regs

00006840     1a1 (00006840)     _EPwm2Regs

00006880     1a2 (00006880)     _EPwm3Regs

000068c0     1a3 (000068c0)     _EPwm4Regs

00006900     1a4 (00006900)     _EPwm5Regs

00006940     1a5 (00006940)     _EPwm6Regs

00006a00     1a8 (00006a00)     _ECap1Regs
00006a20     1a8 (00006a00)     _ECap2Regs

00006a40     1a9 (00006a40)     _ECap3Regs
00006a60     1a9 (00006a40)     _ECap4Regs

00006a80     1aa (00006a80)     _ECap5Regs
00006aa0     1aa (00006a80)     _ECap6Regs

00006b00     1ac (00006b00)     _EQep1Regs

00006b40     1ad (00006b40)     _EQep2Regs

00006f80     1be (00006f80)     _GpioCtrlRegs

00006fc0     1bf (00006fc0)     _GpioDataRegs
00006fe0     1bf (00006fc0)     _GpioIntRegs

00007010     1c0 (00007000)     _SysCtrlRegs

00007040     1c1 (00007040)     _SpiaRegs
00007050     1c1 (00007040)     _SciaRegs
00007070     1c1 (00007040)     _XIntruptRegs

00007100     1c4 (00007100)     _AdcRegs

00007750     1dd (00007740)     _ScibRegs
00007770     1dd (00007740)     _ScicRegs

00007900     1e4 (00007900)     _I2caRegs

0000c000     300 (0000c000)     _PV_MPPT_C2000_Algorithm_try_P

0000c216     308 (0000c200)     _CpuTimer0
0000c21e     308 (0000c200)     _CpuTimer1
0000c226     308 (0000c200)     _CpuTimer2
0000c22e     308 (0000c200)     ___TI_enable_exit_profile_output
0000c230     308 (0000c200)     ___TI_cleanup_ptr
0000c232     308 (0000c200)     ___TI_dtors_ptr
0000c234     308 (0000c200)     _SPI_oneTimeInit
0000c238     308 (0000c200)     _IsrOverrun
0000c239     308 (0000c200)     _stopRequested
0000c23a     308 (0000c200)     _runModel
0000c23b     308 (0000c200)     _GPIO_oneTimeInit
0000c23c     308 (0000c200)     __lock
0000c23e     308 (0000c200)     __unlock

0000c240     309 (0000c240)     _PV_MPPT_C2000_Al_PrevZCSigState
0000c242     309 (0000c240)     _PV_MPPT_C2000_Algorithm_try_M_
0000c248     309 (0000c240)     _PV_MPPT_C2000_Algorithm_try_B

0000c280     30a (0000c280)     _PV_MPPT_C2000_Algorithm_t_DWork
0000c2b8     30a (0000c280)     _isRateRunning
0000c2ba     30a (0000c280)     _need2runFlags

0000c2c0     30b (0000c2c0)     _mySpi
0000c2d8     30b (0000c2c0)     _PieVectTableInit

0000c3e4     30f (0000c3c0)     _PV_MPPT_C2000_Algorithm_try_M

0033fff8    cfff (0033ffc0)     _CsmPwl

003febdc    ffaf (003febc0)     _FPUsinTable

003fecdc    ffb3 (003fecc0)     _FPUcosTable

003fefdc    ffbf (003fefc0)     _FPUsinTableEnd

003ff0de    ffc3 (003ff0c0)     _FPUatan2HalfPITable
003ff0de    ffc3 (003ff0c0)     _FPUcosTableEnd
003ff0e2    ffc3 (003ff0c0)     _FPUatan2Table

003ff268    ffc9 (003ff240)     _FPUatan2TableEnd


GLOBAL SYMBOLS: SORTED ALPHABETICALLY BY Name 

page  address   name                                                 
----  -------   ----                                                 
1     0000c000  .bss                                                 
1     0000c000  .data                                                
0     00008000  .text                                                
0     00009759  C$$EXIT                                              
0     00009865  FS$$DIV                                              
0     00008a84  _ADCINT_ISR                                          
0     00380080  _ADC_cal                                             
1     00000b00  _AdcMirror                                           
1     00007100  _AdcRegs                                             
0     000093d3  _ConfigCpuTimer                                      
1     0000c216  _CpuTimer0                                           
1     00000c00  _CpuTimer0Regs                                       
1     0000c21e  _CpuTimer1                                           
1     00000c08  _CpuTimer1Regs                                       
1     0000c226  _CpuTimer2                                           
1     00000c10  _CpuTimer2Regs                                       
1     0033fff8  _CsmPwl                                              
1     00000ae0  _CsmRegs                                             
0     00008fc5  _CsmUnlock                                           
0     000089b2  _DATALOG_ISR                                         
0     00008ba6  _DINTCH1_ISR                                         
0     00008bb0  _DINTCH2_ISR                                         
0     00008bba  _DINTCH3_ISR                                         
0     00008bc4  _DINTCH4_ISR                                         
0     00008bce  _DINTCH5_ISR                                         
0     00008bd8  _DINTCH6_ISR                                         
0     00009afe  _DSP28x_usDelay                                      
1     00000880  _DevEmuRegs                                          
0     00008f11  _DisableDog                                          
1     00001000  _DmaRegs                                             
0     00008c32  _ECAN0INTA_ISR                                       
0     00008c46  _ECAN0INTB_ISR                                       
0     00008c3c  _ECAN1INTA_ISR                                       
0     00008c50  _ECAN1INTB_ISR                                       
0     00008b1a  _ECAP1_INT_ISR                                       
0     00008b24  _ECAP2_INT_ISR                                       
0     00008b2e  _ECAP3_INT_ISR                                       
0     00008b38  _ECAP4_INT_ISR                                       
0     00008b42  _ECAP5_INT_ISR                                       
0     00008b4c  _ECAP6_INT_ISR                                       
1     00006040  _ECanaLAMRegs                                        
1     000060c0  _ECanaMOTORegs                                       
1     00006080  _ECanaMOTSRegs                                       
1     00006100  _ECanaMboxes                                         
1     00006000  _ECanaRegs                                           
1     00006240  _ECanbLAMRegs                                        
1     000062c0  _ECanbMOTORegs                                       
1     00006280  _ECanbMOTSRegs                                       
1     00006300  _ECanbMboxes                                         
1     00006200  _ECanbRegs                                           
1     00006a00  _ECap1Regs                                           
1     00006a20  _ECap2Regs                                           
1     00006a40  _ECap3Regs                                           
1     00006a60  _ECap4Regs                                           
1     00006a80  _ECap5Regs                                           
1     00006aa0  _ECap6Regs                                           
0     000089c6  _EMUINT_ISR                                          
0     00008ade  _EPWM1_INT_ISR                                       
0     00008aa2  _EPWM1_TZINT_ISR                                     
0     00008ae8  _EPWM2_INT_ISR                                       
0     00008aac  _EPWM2_TZINT_ISR                                     
0     00008af2  _EPWM3_INT_ISR                                       
0     00008ab6  _EPWM3_TZINT_ISR                                     
0     00008afc  _EPWM4_INT_ISR                                       
0     00008ac0  _EPWM4_TZINT_ISR                                     
0     00008b06  _EPWM5_INT_ISR                                       
0     00008aca  _EPWM5_TZINT_ISR                                     
0     00008b10  _EPWM6_INT_ISR                                       
0     00008ad4  _EPWM6_TZINT_ISR                                     
1     00006800  _EPwm1Regs                                           
1     00006840  _EPwm2Regs                                           
1     00006880  _EPwm3Regs                                           
1     000068c0  _EPwm4Regs                                           
1     00006900  _EPwm5Regs                                           
1     00006940  _EPwm6Regs                                           
0     00008b56  _EQEP1_INT_ISR                                       
0     00008b60  _EQEP2_INT_ISR                                       
1     00006b00  _EQep1Regs                                           
1     00006b40  _EQep2Regs                                           
0     000097a1  _EnableInterrupts                                    
0     003ff0de  _FPUatan2HalfPITable                                 
0     003ff0e2  _FPUatan2Table                                       
0     003ff268  _FPUatan2TableEnd                                    
0     003fecdc  _FPUcosTable                                         
0     003ff0de  _FPUcosTableEnd                                      
0     003febdc  _FPUsinTable                                         
0     003fefdc  _FPUsinTableEnd                                      
1     00000a80  _FlashRegs                                           
0     00008d9b  _GPIO_ReadPin                                        
0     00008ce8  _GPIO_SetupPinMux                                    
0     00008d26  _GPIO_SetupPinOptions                                
0     00008db2  _GPIO_WritePin                                       
1     0000c23b  _GPIO_oneTimeInit                                    
1     00006f80  _GpioCtrlRegs                                        
1     00006fc0  _GpioDataRegs                                        
1     00006fe0  _GpioIntRegs                                         
0     00008be2  _I2CINT1A_ISR                                        
0     00008bec  _I2CINT2A_ISR                                        
1     00007900  _I2caRegs                                            
0     000089da  _ILLEGAL_ISR                                         
0     0000899e  _INT13_ISR                                           
0     000089a8  _INT14_ISR                                           
0     0000987e  _InitAdc                                             
0     00009392  _InitCpuTimers                                       
0     00008cbb  _InitGpio                                            
0     00008f6a  _InitPeripheralClocks                                
0     00009782  _InitPieCtrl                                         
0     000097ef  _InitPieVectTable                                    
0     00008f19  _InitPll                                             
0     00008efe  _InitSysCtrl                                         
0     00009373  _InitXintf16Gpio                                     
1     0000c238  _IsrOverrun                                          
0     00008c96  _LUF_ISR                                             
0     00008c8c  _LVF_ISR                                             
0     00008b92  _MRINTA_ISR                                          
0     00008b7e  _MRINTB_ISR                                          
0     00009281  _MW_SPI_Close                                        
0     0000927c  _MW_SPI_GetStatus                                    
0     0000922c  _MW_SPI_MasterWriteRead_8bits                        
0     000091ba  _MW_SPI_Open                                         
0     0000921f  _MW_SPI_SetBusSpeed                                  
0     000091d0  _MW_SPI_SetFormat                                    
0     00009225  _MW_SPI_SetSlaveSelect                               
0     00009275  _MW_SPI_SlaveWriteRead_8bits                         
0     00008b9c  _MXINTA_ISR                                          
0     00008b88  _MXINTB_ISR                                          
1     00005000  _McbspaRegs                                          
1     00005040  _McbspbRegs                                          
0     000089d0  _NMI_ISR                                             
0     00008cb4  _OneTimeGpioInit                                     
0     00008ca0  _PIE_RESERVED                                        
1     0000c240  _PV_MPPT_C2000_Al_PrevZCSigState                     
1     0000c280  _PV_MPPT_C2000_Algorithm_t_DWork                     
1     0000c248  _PV_MPPT_C2000_Algorithm_try_B                       
1     0000c3e4  _PV_MPPT_C2000_Algorithm_try_M                       
1     0000c242  _PV_MPPT_C2000_Algorithm_try_M_                      
1     0000c000  _PV_MPPT_C2000_Algorithm_try_P                       
0     00008072  _PV_MPPT_C2000_Algorithm_try_SetEventsForThisBaseStep
0     000087e9  _PV_MPPT_C2000_Algorithm_try_initialize              
0     000080bd  _PV_MPPT_C2000_Algorithm_try_step0                   
0     000085a6  _PV_MPPT_C2000_Algorithm_try_step1                   
0     00008999  _PV_MPPT_C2000_Algorithm_try_terminate               
1     00000ce0  _PieCtrlRegs                                         
1     00000d00  _PieVectTable                                        
1     0000c2d8  _PieVectTableInit                                    
0     000089bc  _RTOSINT_ISR                                         
0     00008c0a  _SCIRXINTA_ISR                                       
0     00008c1e  _SCIRXINTB_ISR                                       
0     00008bf6  _SCIRXINTC_ISR                                       
0     00008c14  _SCITXINTA_ISR                                       
0     00008c28  _SCITXINTB_ISR                                       
0     00008c00  _SCITXINTC_ISR                                       
0     00008a5c  _SEQ1INT_ISR                                         
0     00008a66  _SEQ2INT_ISR                                         
0     00008b6a  _SPIRXINTA_ISR                                       
0     00008b74  _SPITXINTA_ISR                                       
0     00008e99  _SPI_clockFormat                                     
0     00008dde  _SPI_init                                            
1     0000c234  _SPI_oneTimeInit                                     
0     00008eb4  _SPI_status                                          
1     00007050  _SciaRegs                                            
1     00007750  _ScibRegs                                            
1     00007770  _ScicRegs                                            
0     00008f07  _ServiceDog                                          
0     00008dd0  _Set_GPIOPin                                         
1     00007040  _SpiaRegs                                            
1     00007010  _SysCtrlRegs                                         
0     00008a8e  _TINT0_ISR                                           
0     0000964b  _TINT0_isr                                           
0     00008a3e  _USER10_ISR                                          
0     00008a48  _USER11_ISR                                          
0     00008a52  _USER12_ISR                                          
0     000089e4  _USER1_ISR                                           
0     000089ee  _USER2_ISR                                           
0     000089f8  _USER3_ISR                                           
0     00008a02  _USER4_ISR                                           
0     00008a0c  _USER5_ISR                                           
0     00008a16  _USER6_ISR                                           
0     00008a20  _USER7_ISR                                           
0     00008a2a  _USER8_ISR                                           
0     00008a34  _USER9_ISR                                           
0     00008a98  _WAKEINT_ISR                                         
0     00008a70  _XINT1_ISR                                           
0     00008a7a  _XINT2_ISR                                           
0     00008c5a  _XINT3_ISR                                           
0     00008c64  _XINT4_ISR                                           
0     00008c6e  _XINT5_ISR                                           
0     00008c78  _XINT6_ISR                                           
0     00008c82  _XINT7_ISR                                           
1     00007070  _XIntruptRegs                                        
1     00000b20  _XintfRegs                                           
1     00000600  __STACK_END                                          
abs   00000200  __STACK_SIZE                                         
1     0000c230  ___TI_cleanup_ptr                                    
1     0000c232  ___TI_dtors_ptr                                      
1     0000c22e  ___TI_enable_exit_profile_output                     
abs   ffffffff  ___TI_pprof_out_hndl                                 
abs   ffffffff  ___TI_prof_data_size                                 
abs   ffffffff  ___TI_prof_data_start                                
abs   ffffffff  ___binit__                                           
1     0000c000  ___bss__                                             
abs   ffffffff  ___c_args__                                          
0     000098a6  ___cinit__                                           
1     0000c000  ___data__                                            
1     0000c000  ___edata__                                           
1     0000c000  ___end__                                             
0     000098a6  ___etext__                                           
abs   ffffffff  ___pinit__                                           
0     00008000  ___text__                                            
0     0000984c  __args_main                                          
1     0000c23c  __lock                                               
0     0000989a  __nop                                                
0     00009896  __register_lock                                      
0     00009892  __register_unlock                                    
1     00000400  __stack                                              
0     000098a5  __system_post_cinit                                  
0     000098a3  __system_pre_init                                    
1     0000c23e  __unlock                                             
0     00009759  _abort                                               
0     00009601  _atan                                                
0     00009564  _atan2                                               
0     00009748  _atan2f                                              
0     00009741  _atanf                                               
0     00009076  _byteswap_L8cmp                                      
0     00009758  _c2000_flash_init                                    
0     000094be  _c_int00                                             
0     00009466  _ceil                                                
0     00009466  _ceilf                                               
0     0000968f  _config_ADC_A                                        
0     0000980f  _config_ePWM_GPIO                                    
0     000095ff  _configureGPIOExtInterrupt                           
0     00009514  _configureTimer0                                     
0     000097aa  _copy_in                                             
0     000096c4  _cos                                                 
0     0000972c  _cosf                                                
0     00009543  _disableTimer0Interrupt                              
0     000095b3  _disableWatchdog                                     
0     00009600  _enableExtInterrupt                                  
0     0000953b  _enableTimer0Interrupt                               
0     0000975b  _exit                                                
0     0000940d  _floor                                               
0     0000940d  _floorf                                              
0     000090eb  _fmod                                                
0     000090eb  _fmodf                                               
0     00009755  _globalInterruptDisable                              
0     00009751  _globalInterruptEnable                               
0     000095be  _init_SCI                                            
0     000095eb  _init_SCI_GPIO                                       
0     00009312  _init_board                                          
1     0000c2b8  _isRateRunning                                       
0     000092cb  _main                                                
0     0000982f  _memcpy                                              
1     0000c2c0  _mySpi                                               
1     0000c2ba  _need2runFlags                                       
0     00009559  _restoreTimer0Interrupt                              
0     00008caa  _rsvd_ISR                                            
0     00009286  _rt_OneStep                                          
1     0000c23a  _runModel                                            
0     00008ff6  _scia_rcv                                            
0     000090a9  _scia_xmit                                           
0     000096f8  _sin                                                 
0     00009733  _sinf                                                
0     000097ce  _sqrt                                                
0     0000973a  _sqrtf                                               
1     0000c239  _stopRequested                                       
abs   ffffffff  binit                                                
0     000098a6  cinit                                                
0     00000000  code_start                                           
1     0000c000  edata                                                
1     0000c000  end                                                  
0     000098a6  etext                                                
abs   ffffffff  pinit                                                


GLOBAL SYMBOLS: SORTED BY Symbol Address 

page  address   name                                                 
----  -------   ----                                                 
0     00000000  code_start                                           
0     00008000  .text                                                
0     00008000  ___text__                                            
0     00008072  _PV_MPPT_C2000_Algorithm_try_SetEventsForThisBaseStep
0     000080bd  _PV_MPPT_C2000_Algorithm_try_step0                   
0     000085a6  _PV_MPPT_C2000_Algorithm_try_step1                   
0     000087e9  _PV_MPPT_C2000_Algorithm_try_initialize              
0     00008999  _PV_MPPT_C2000_Algorithm_try_terminate               
0     0000899e  _INT13_ISR                                           
0     000089a8  _INT14_ISR                                           
0     000089b2  _DATALOG_ISR                                         
0     000089bc  _RTOSINT_ISR                                         
0     000089c6  _EMUINT_ISR                                          
0     000089d0  _NMI_ISR                                             
0     000089da  _ILLEGAL_ISR                                         
0     000089e4  _USER1_ISR                                           
0     000089ee  _USER2_ISR                                           
0     000089f8  _USER3_ISR                                           
0     00008a02  _USER4_ISR                                           
0     00008a0c  _USER5_ISR                                           
0     00008a16  _USER6_ISR                                           
0     00008a20  _USER7_ISR                                           
0     00008a2a  _USER8_ISR                                           
0     00008a34  _USER9_ISR                                           
0     00008a3e  _USER10_ISR                                          
0     00008a48  _USER11_ISR                                          
0     00008a52  _USER12_ISR                                          
0     00008a5c  _SEQ1INT_ISR                                         
0     00008a66  _SEQ2INT_ISR                                         
0     00008a70  _XINT1_ISR                                           
0     00008a7a  _XINT2_ISR                                           
0     00008a84  _ADCINT_ISR                                          
0     00008a8e  _TINT0_ISR                                           
0     00008a98  _WAKEINT_ISR                                         
0     00008aa2  _EPWM1_TZINT_ISR                                     
0     00008aac  _EPWM2_TZINT_ISR                                     
0     00008ab6  _EPWM3_TZINT_ISR                                     
0     00008ac0  _EPWM4_TZINT_ISR                                     
0     00008aca  _EPWM5_TZINT_ISR                                     
0     00008ad4  _EPWM6_TZINT_ISR                                     
0     00008ade  _EPWM1_INT_ISR                                       
0     00008ae8  _EPWM2_INT_ISR                                       
0     00008af2  _EPWM3_INT_ISR                                       
0     00008afc  _EPWM4_INT_ISR                                       
0     00008b06  _EPWM5_INT_ISR                                       
0     00008b10  _EPWM6_INT_ISR                                       
0     00008b1a  _ECAP1_INT_ISR                                       
0     00008b24  _ECAP2_INT_ISR                                       
0     00008b2e  _ECAP3_INT_ISR                                       
0     00008b38  _ECAP4_INT_ISR                                       
0     00008b42  _ECAP5_INT_ISR                                       
0     00008b4c  _ECAP6_INT_ISR                                       
0     00008b56  _EQEP1_INT_ISR                                       
0     00008b60  _EQEP2_INT_ISR                                       
0     00008b6a  _SPIRXINTA_ISR                                       
0     00008b74  _SPITXINTA_ISR                                       
0     00008b7e  _MRINTB_ISR                                          
0     00008b88  _MXINTB_ISR                                          
0     00008b92  _MRINTA_ISR                                          
0     00008b9c  _MXINTA_ISR                                          
0     00008ba6  _DINTCH1_ISR                                         
0     00008bb0  _DINTCH2_ISR                                         
0     00008bba  _DINTCH3_ISR                                         
0     00008bc4  _DINTCH4_ISR                                         
0     00008bce  _DINTCH5_ISR                                         
0     00008bd8  _DINTCH6_ISR                                         
0     00008be2  _I2CINT1A_ISR                                        
0     00008bec  _I2CINT2A_ISR                                        
0     00008bf6  _SCIRXINTC_ISR                                       
0     00008c00  _SCITXINTC_ISR                                       
0     00008c0a  _SCIRXINTA_ISR                                       
0     00008c14  _SCITXINTA_ISR                                       
0     00008c1e  _SCIRXINTB_ISR                                       
0     00008c28  _SCITXINTB_ISR                                       
0     00008c32  _ECAN0INTA_ISR                                       
0     00008c3c  _ECAN1INTA_ISR                                       
0     00008c46  _ECAN0INTB_ISR                                       
0     00008c50  _ECAN1INTB_ISR                                       
0     00008c5a  _XINT3_ISR                                           
0     00008c64  _XINT4_ISR                                           
0     00008c6e  _XINT5_ISR                                           
0     00008c78  _XINT6_ISR                                           
0     00008c82  _XINT7_ISR                                           
0     00008c8c  _LVF_ISR                                             
0     00008c96  _LUF_ISR                                             
0     00008ca0  _PIE_RESERVED                                        
0     00008caa  _rsvd_ISR                                            
0     00008cb4  _OneTimeGpioInit                                     
0     00008cbb  _InitGpio                                            
0     00008ce8  _GPIO_SetupPinMux                                    
0     00008d26  _GPIO_SetupPinOptions                                
0     00008d9b  _GPIO_ReadPin                                        
0     00008db2  _GPIO_WritePin                                       
0     00008dd0  _Set_GPIOPin                                         
0     00008dde  _SPI_init                                            
0     00008e99  _SPI_clockFormat                                     
0     00008eb4  _SPI_status                                          
0     00008efe  _InitSysCtrl                                         
0     00008f07  _ServiceDog                                          
0     00008f11  _DisableDog                                          
0     00008f19  _InitPll                                             
0     00008f6a  _InitPeripheralClocks                                
0     00008fc5  _CsmUnlock                                           
0     00008ff6  _scia_rcv                                            
0     00009076  _byteswap_L8cmp                                      
0     000090a9  _scia_xmit                                           
0     000090eb  _fmod                                                
0     000090eb  _fmodf                                               
0     000091ba  _MW_SPI_Open                                         
0     000091d0  _MW_SPI_SetFormat                                    
0     0000921f  _MW_SPI_SetBusSpeed                                  
0     00009225  _MW_SPI_SetSlaveSelect                               
0     0000922c  _MW_SPI_MasterWriteRead_8bits                        
0     00009275  _MW_SPI_SlaveWriteRead_8bits                         
0     0000927c  _MW_SPI_GetStatus                                    
0     00009281  _MW_SPI_Close                                        
0     00009286  _rt_OneStep                                          
0     000092cb  _main                                                
0     00009312  _init_board                                          
0     00009373  _InitXintf16Gpio                                     
0     00009392  _InitCpuTimers                                       
0     000093d3  _ConfigCpuTimer                                      
0     0000940d  _floor                                               
0     0000940d  _floorf                                              
0     00009466  _ceil                                                
0     00009466  _ceilf                                               
0     000094be  _c_int00                                             
0     00009514  _configureTimer0                                     
0     0000953b  _enableTimer0Interrupt                               
0     00009543  _disableTimer0Interrupt                              
0     00009559  _restoreTimer0Interrupt                              
0     00009564  _atan2                                               
0     000095b3  _disableWatchdog                                     
0     000095be  _init_SCI                                            
0     000095eb  _init_SCI_GPIO                                       
0     000095ff  _configureGPIOExtInterrupt                           
0     00009600  _enableExtInterrupt                                  
0     00009601  _atan                                                
0     0000964b  _TINT0_isr                                           
0     0000968f  _config_ADC_A                                        
0     000096c4  _cos                                                 
0     000096f8  _sin                                                 
0     0000972c  _cosf                                                
0     00009733  _sinf                                                
0     0000973a  _sqrtf                                               
0     00009741  _atanf                                               
0     00009748  _atan2f                                              
0     00009751  _globalInterruptEnable                               
0     00009755  _globalInterruptDisable                              
0     00009758  _c2000_flash_init                                    
0     00009759  C$$EXIT                                              
0     00009759  _abort                                               
0     0000975b  _exit                                                
0     00009782  _InitPieCtrl                                         
0     000097a1  _EnableInterrupts                                    
0     000097aa  _copy_in                                             
0     000097ce  _sqrt                                                
0     000097ef  _InitPieVectTable                                    
0     0000980f  _config_ePWM_GPIO                                    
0     0000982f  _memcpy                                              
0     0000984c  __args_main                                          
0     00009865  FS$$DIV                                              
0     0000987e  _InitAdc                                             
0     00009892  __register_unlock                                    
0     00009896  __register_lock                                      
0     0000989a  __nop                                                
0     000098a3  __system_pre_init                                    
0     000098a5  __system_post_cinit                                  
0     000098a6  ___cinit__                                           
0     000098a6  ___etext__                                           
0     000098a6  cinit                                                
0     000098a6  etext                                                
0     00009afe  _DSP28x_usDelay                                      
0     00380080  _ADC_cal                                             
0     003febdc  _FPUsinTable                                         
0     003fecdc  _FPUcosTable                                         
0     003fefdc  _FPUsinTableEnd                                      
0     003ff0de  _FPUatan2HalfPITable                                 
0     003ff0de  _FPUcosTableEnd                                      
0     003ff0e2  _FPUatan2Table                                       
0     003ff268  _FPUatan2TableEnd                                    
1     00000400  __stack                                              
1     00000600  __STACK_END                                          
1     00000880  _DevEmuRegs                                          
1     00000a80  _FlashRegs                                           
1     00000ae0  _CsmRegs                                             
1     00000b00  _AdcMirror                                           
1     00000b20  _XintfRegs                                           
1     00000c00  _CpuTimer0Regs                                       
1     00000c08  _CpuTimer1Regs                                       
1     00000c10  _CpuTimer2Regs                                       
1     00000ce0  _PieCtrlRegs                                         
1     00000d00  _PieVectTable                                        
1     00001000  _DmaRegs                                             
1     00005000  _McbspaRegs                                          
1     00005040  _McbspbRegs                                          
1     00006000  _ECanaRegs                                           
1     00006040  _ECanaLAMRegs                                        
1     00006080  _ECanaMOTSRegs                                       
1     000060c0  _ECanaMOTORegs                                       
1     00006100  _ECanaMboxes                                         
1     00006200  _ECanbRegs                                           
1     00006240  _ECanbLAMRegs                                        
1     00006280  _ECanbMOTSRegs                                       
1     000062c0  _ECanbMOTORegs                                       
1     00006300  _ECanbMboxes                                         
1     00006800  _EPwm1Regs                                           
1     00006840  _EPwm2Regs                                           
1     00006880  _EPwm3Regs                                           
1     000068c0  _EPwm4Regs                                           
1     00006900  _EPwm5Regs                                           
1     00006940  _EPwm6Regs                                           
1     00006a00  _ECap1Regs                                           
1     00006a20  _ECap2Regs                                           
1     00006a40  _ECap3Regs                                           
1     00006a60  _ECap4Regs                                           
1     00006a80  _ECap5Regs                                           
1     00006aa0  _ECap6Regs                                           
1     00006b00  _EQep1Regs                                           
1     00006b40  _EQep2Regs                                           
1     00006f80  _GpioCtrlRegs                                        
1     00006fc0  _GpioDataRegs                                        
1     00006fe0  _GpioIntRegs                                         
1     00007010  _SysCtrlRegs                                         
1     00007040  _SpiaRegs                                            
1     00007050  _SciaRegs                                            
1     00007070  _XIntruptRegs                                        
1     00007100  _AdcRegs                                             
1     00007750  _ScibRegs                                            
1     00007770  _ScicRegs                                            
1     00007900  _I2caRegs                                            
1     0000c000  .bss                                                 
1     0000c000  .data                                                
1     0000c000  _PV_MPPT_C2000_Algorithm_try_P                       
1     0000c000  ___bss__                                             
1     0000c000  ___data__                                            
1     0000c000  ___edata__                                           
1     0000c000  ___end__                                             
1     0000c000  edata                                                
1     0000c000  end                                                  
1     0000c216  _CpuTimer0                                           
1     0000c21e  _CpuTimer1                                           
1     0000c226  _CpuTimer2                                           
1     0000c22e  ___TI_enable_exit_profile_output                     
1     0000c230  ___TI_cleanup_ptr                                    
1     0000c232  ___TI_dtors_ptr                                      
1     0000c234  _SPI_oneTimeInit                                     
1     0000c238  _IsrOverrun                                          
1     0000c239  _stopRequested                                       
1     0000c23a  _runModel                                            
1     0000c23b  _GPIO_oneTimeInit                                    
1     0000c23c  __lock                                               
1     0000c23e  __unlock                                             
1     0000c240  _PV_MPPT_C2000_Al_PrevZCSigState                     
1     0000c242  _PV_MPPT_C2000_Algorithm_try_M_                      
1     0000c248  _PV_MPPT_C2000_Algorithm_try_B                       
1     0000c280  _PV_MPPT_C2000_Algorithm_t_DWork                     
1     0000c2b8  _isRateRunning                                       
1     0000c2ba  _need2runFlags                                       
1     0000c2c0  _mySpi                                               
1     0000c2d8  _PieVectTableInit                                    
1     0000c3e4  _PV_MPPT_C2000_Algorithm_try_M                       
1     0033fff8  _CsmPwl                                              
abs   00000200  __STACK_SIZE                                         
abs   ffffffff  ___TI_pprof_out_hndl                                 
abs   ffffffff  ___TI_prof_data_size                                 
abs   ffffffff  ___TI_prof_data_start                                
abs   ffffffff  ___binit__                                           
abs   ffffffff  ___c_args__                                          
abs   ffffffff  ___pinit__                                           
abs   ffffffff  binit                                                
abs   ffffffff  pinit                                                

[272 symbols]
